// Jest Snapshot v1, https://goo.gl/fbAQLP

exports[`Renders Book without crashing 1`] = `
<div
  className="book"
>
  <div
    className="book-top"
  >
    <BookCover
      image="http://books.google.com/books/content?id=evuwdDLfAyYC&printsec=frontcover&img=1&zoom=1&edge=curl&source=gbs_api"
    />
    <div
      className="book-tag want-to-read"
      onClick={[Function]}
    >
      <span
        className="book-tag-label"
      >
        Want To Read
      </span>
      <span
        className="book-options-toggle"
      >
        …
      </span>
    </div>
  </div>
  <div
    className="book-title"
  >
    The Cuckoo's Calling
  </div>
  <div
    className="book-authors"
  >
    Robert Galbraith
  </div>
</div>
`;
