// Jest Snapshot v1, https://goo.gl/fbAQLP

exports[`Renders Shelf without books 1`] = `
<div
  className="bookshelf"
>
  <h2
    className="bookshelf-title"
  >
    Shelf Test
  </h2>
  <div
    className="bookshelf-books"
  >
    <div
      className="bookshelf-empty"
    >
      <img
        alt=""
        src="no-books.png"
      />
      <p>
        Oops... There are no books!
      </p>
    </div>
  </div>
</div>
`;
