// Jest Snapshot v1, https://goo.gl/fbAQLP

exports[`Renders App without crashing 1`] = `
<div
  className="app"
>
  <Switch>
    <Route
      exact={true}
      path="/"
      render={[Function]}
    />
    <Route
      path="/search"
      render={[Function]}
    />
  </Switch>
  <SnackbarContainer
    autohide={true}
    autohideTimeout={3000}
    onDismiss={[Function]}
    toasts={Array []}
    transitionEnterTimeout={300}
    transitionLeaveTimeout={300}
    transitionName="md-snackbar"
  />
</div>
`;
